<?xml version="1.0" encoding="UTF-8"?>
  <testsuite name="Controller Suite" tests="16" failures="16" errors="0" time="2.883">
      <testcase name="BeforeSuite" classname="Controller Suite" time="2.599328805">
          <failure type="Failure">/Users/i348967/local-storage/src/github.com/rkjakeer/machine-controller-manager-provider-aws/test/integration/controller/controller_test.go:76&#xA;Expected&#xA;    &lt;*url.Error | 0xc00063fc20&gt;: {&#xA;        Op: &#34;Get&#34;,&#xA;        URL: &#34;https://api.ash-shoot-06022021.dev.shoot.dev.k8s-hana.ondemand.com/api/v1/nodes&#34;,&#xA;        Err: {&#xA;            Op: &#34;dial&#34;,&#xA;            Net: &#34;tcp&#34;,&#xA;            Source: nil,&#xA;            Addr: nil,&#xA;            Err: {&#xA;                Err: &#34;no such host&#34;,&#xA;                Name: &#34;api.ash-shoot-06022021.dev.shoot.dev.k8s-hana.ondemand.com&#34;,&#xA;                Server: &#34;&#34;,&#xA;                IsTimeout: false,&#xA;                IsTemporary: false,&#xA;                IsNotFound: true,&#xA;            },&#xA;        },&#xA;    }&#xA;to be nil&#xA;/Users/i348967/local-storage/src/github.com/rkjakeer/machine-controller-manager-provider-aws/test/integration/controller/controller_test.go:87</failure>
      </testcase>
  </testsuite>